Copyright 1986-2017 Xilinx, Inc. All Rights Reserved.
---------------------------------------------------------------------------------------------------------------------------------------
| Tool Version : Vivado v.2017.1 (lin64) Build 1846317 Fri Apr 14 18:54:47 MDT 2017
| Date         : Mon Dec 11 12:31:27 2017
| Host         : ocaepc52 running 64-bit unknown
| Command      : report_methodology -file design_1_wrapper_methodology_drc_routed.rpt -rpx design_1_wrapper_methodology_drc_routed.rpx
| Design       : design_1_wrapper
| Device       : xc7z010clg400-1
| Speed File   : -1
| Design State : Routed
---------------------------------------------------------------------------------------------------------------------------------------

Report Methodology

Table of Contents
-----------------
1. REPORT SUMMARY
2. REPORT DETAILS

1. REPORT SUMMARY
-----------------
            Netlist: netlist
          Floorplan: design_1
      Design limits: <entire design considered>
             Max violations: <unlimited>
             Violations found: 127
+-----------+----------+-------------------------------+------------+
| Rule      | Severity | Description                   | Violations |
+-----------+----------+-------------------------------+------------+
| TIMING-9  | Warning  | Unknown CDC Logic             | 1          |
| TIMING-16 | Warning  | Large setup violation         | 118        |
| TIMING-18 | Warning  | Missing input or output delay | 8          |
+-----------+----------+-------------------------------+------------+

2. REPORT DETAILS
-----------------
TIMING-9#1 Warning
Unknown CDC Logic  
One or more asynchronous Clock Domain Crossing has been detected between 2 clock domains through a set_false_path or a set_clock_groups or set_max_delay -datapath_only constraint but no double-registers logic synchronizer has been found on the side of the capture clock. It is recommended to run report_cdc for a complete and detailed CDC coverage. Please consider using XPM_CDC to avoid Critical severities
Related violations: <none>

TIMING-16#1 Warning
Large setup violation  
There is a large setup violation of -1.017 ns between design_1_i/aes_ddr_1/U0/aes_ddr_v1_0_S00_AXI_inst/i_aes/DU/col0/lin_3/addkey_in_6/D (clocked by clk_out_40_design_1_clk_wiz_1_0) and design_1_i/aes_ddr_1/U0/aes_ddr_v1_0_S00_AXI_inst/i_aes/DU/col0/ddr_layer_2/main_reg/low_data_6/D (clocked by clk_out_40_design_1_clk_wiz_1_0). Large setup violations at the end of those stages might be difficult to fix during the post-placement implementation flow and could be the result of non-optimal XDC constraints or non-optimal design architecture
Related violations: <none>

TIMING-16#2 Warning
Large setup violation  
There is a large setup violation of -1.020 ns between design_1_i/aes_ddr_1/U0/aes_ddr_v1_0_S00_AXI_inst/i_aes/DU/col1/lin_1/addkey_in_3/D (clocked by clk_out_40_design_1_clk_wiz_1_0) and design_1_i/aes_ddr_1/U0/aes_ddr_v1_0_S00_AXI_inst/i_aes/DU/col1/ddr_layer_1/main_reg/low_data_3/D (clocked by clk_out_40_design_1_clk_wiz_1_0). Large setup violations at the end of those stages might be difficult to fix during the post-placement implementation flow and could be the result of non-optimal XDC constraints or non-optimal design architecture
Related violations: <none>

TIMING-16#3 Warning
Large setup violation  
There is a large setup violation of -1.077 ns between design_1_i/aes_ddr_1/U0/aes_ddr_v1_0_S00_AXI_inst/i_aes/DU/col2/lin_3/addkey_in_5/D (clocked by clk_out_40_design_1_clk_wiz_1_0) and design_1_i/aes_ddr_1/U0/aes_ddr_v1_0_S00_AXI_inst/i_aes/DU/col2/ddr_layer_2/main_reg/low_data_5/D (clocked by clk_out_40_design_1_clk_wiz_1_0). Large setup violations at the end of those stages might be difficult to fix during the post-placement implementation flow and could be the result of non-optimal XDC constraints or non-optimal design architecture
Related violations: <none>

TIMING-16#4 Warning
Large setup violation  
There is a large setup violation of -1.082 ns between design_1_i/aes_ddr_1/U0/aes_ddr_v1_0_S00_AXI_inst/i_aes/DU/col2/lin_1/addkey_in_1/D (clocked by clk_out_40_design_1_clk_wiz_1_0) and design_1_i/aes_ddr_1/U0/aes_ddr_v1_0_S00_AXI_inst/i_aes/DU/col2/ddr_layer_1/main_reg/low_data_1/D (clocked by clk_out_40_design_1_clk_wiz_1_0). Large setup violations at the end of those stages might be difficult to fix during the post-placement implementation flow and could be the result of non-optimal XDC constraints or non-optimal design architecture
Related violations: <none>

TIMING-16#5 Warning
Large setup violation  
There is a large setup violation of -1.151 ns between design_1_i/aes_ddr_1/U0/aes_ddr_v1_0_S00_AXI_inst/i_aes/DU/col1/lin_3/addkey_in_3/D (clocked by clk_out_40_design_1_clk_wiz_1_0) and design_1_i/aes_ddr_1/U0/aes_ddr_v1_0_S00_AXI_inst/i_aes/DU/col1/ddr_layer_2/dual_reg/low_data_3/D (clocked by clk_out_40_design_1_clk_wiz_1_0). Large setup violations at the end of those stages might be difficult to fix during the post-placement implementation flow and could be the result of non-optimal XDC constraints or non-optimal design architecture
Related violations: <none>

TIMING-16#6 Warning
Large setup violation  
There is a large setup violation of -1.153 ns between design_1_i/aes_ddr_1/U0/aes_ddr_v1_0_S00_AXI_inst/i_aes/DU/col1/lin_3/addkey_in_7/D (clocked by clk_out_40_design_1_clk_wiz_1_0) and design_1_i/aes_ddr_1/U0/aes_ddr_v1_0_S00_AXI_inst/i_aes/DU/col1/ddr_layer_2/dual_reg/low_data_7/D (clocked by clk_out_40_design_1_clk_wiz_1_0). Large setup violations at the end of those stages might be difficult to fix during the post-placement implementation flow and could be the result of non-optimal XDC constraints or non-optimal design architecture
Related violations: <none>

TIMING-16#7 Warning
Large setup violation  
There is a large setup violation of -1.156 ns between design_1_i/aes_ddr_1/U0/aes_ddr_v1_0_S00_AXI_inst/i_aes/DU/col2/lin_3/addkey_in_0/D (clocked by clk_out_40_design_1_clk_wiz_1_0) and design_1_i/aes_ddr_1/U0/aes_ddr_v1_0_S00_AXI_inst/i_aes/DU/col2/ddr_layer_2/dual_reg/low_data_0/D (clocked by clk_out_40_design_1_clk_wiz_1_0). Large setup violations at the end of those stages might be difficult to fix during the post-placement implementation flow and could be the result of non-optimal XDC constraints or non-optimal design architecture
Related violations: <none>

TIMING-16#8 Warning
Large setup violation  
There is a large setup violation of -1.163 ns between design_1_i/aes_ddr_1/U0/aes_ddr_v1_0_S00_AXI_inst/i_aes/DU/col2/lin_3/addkey_in_4/D (clocked by clk_out_40_design_1_clk_wiz_1_0) and design_1_i/aes_ddr_1/U0/aes_ddr_v1_0_S00_AXI_inst/i_aes/DU/col2/ddr_layer_2/main_reg/low_data_4/D (clocked by clk_out_40_design_1_clk_wiz_1_0). Large setup violations at the end of those stages might be difficult to fix during the post-placement implementation flow and could be the result of non-optimal XDC constraints or non-optimal design architecture
Related violations: <none>

TIMING-16#9 Warning
Large setup violation  
There is a large setup violation of -1.165 ns between design_1_i/aes_ddr_1/U0/aes_ddr_v1_0_S00_AXI_inst/i_aes/DU/col3/lin_3/addkey_in_3/D (clocked by clk_out_40_design_1_clk_wiz_1_0) and design_1_i/aes_ddr_1/U0/aes_ddr_v1_0_S00_AXI_inst/i_aes/DU/col3/ddr_layer_2/main_reg/low_data_3/D (clocked by clk_out_40_design_1_clk_wiz_1_0). Large setup violations at the end of those stages might be difficult to fix during the post-placement implementation flow and could be the result of non-optimal XDC constraints or non-optimal design architecture
Related violations: <none>

TIMING-16#10 Warning
Large setup violation  
There is a large setup violation of -1.173 ns between design_1_i/aes_ddr_1/U0/aes_ddr_v1_0_S00_AXI_inst/i_aes/DU/col2/lin_1/addkey_in_3/D (clocked by clk_out_40_design_1_clk_wiz_1_0) and design_1_i/aes_ddr_1/U0/aes_ddr_v1_0_S00_AXI_inst/i_aes/DU/col2/ddr_layer_1/dual_reg/low_data_3/D (clocked by clk_out_40_design_1_clk_wiz_1_0). Large setup violations at the end of those stages might be difficult to fix during the post-placement implementation flow and could be the result of non-optimal XDC constraints or non-optimal design architecture
Related violations: <none>

TIMING-16#11 Warning
Large setup violation  
There is a large setup violation of -1.176 ns between design_1_i/aes_ddr_1/U0/aes_ddr_v1_0_S00_AXI_inst/i_aes/DU/col1/lin_1/addkey_in_4/D (clocked by clk_out_40_design_1_clk_wiz_1_0) and design_1_i/aes_ddr_1/U0/aes_ddr_v1_0_S00_AXI_inst/i_aes/DU/col1/ddr_layer_1/dual_reg/low_data_4/D (clocked by clk_out_40_design_1_clk_wiz_1_0). Large setup violations at the end of those stages might be difficult to fix during the post-placement implementation flow and could be the result of non-optimal XDC constraints or non-optimal design architecture
Related violations: <none>

TIMING-16#12 Warning
Large setup violation  
There is a large setup violation of -1.179 ns between design_1_i/aes_ddr_1/U0/aes_ddr_v1_0_S00_AXI_inst/i_aes/DU/col3/lin_3/addkey_in_4/D (clocked by clk_out_40_design_1_clk_wiz_1_0) and design_1_i/aes_ddr_1/U0/aes_ddr_v1_0_S00_AXI_inst/i_aes/DU/col3/ddr_layer_2/dual_reg/low_data_4/D (clocked by clk_out_40_design_1_clk_wiz_1_0). Large setup violations at the end of those stages might be difficult to fix during the post-placement implementation flow and could be the result of non-optimal XDC constraints or non-optimal design architecture
Related violations: <none>

TIMING-16#13 Warning
Large setup violation  
There is a large setup violation of -1.190 ns between design_1_i/aes_ddr_1/U0/aes_ddr_v1_0_S00_AXI_inst/i_aes/DU/col2/lin_3/addkey_in_2/D (clocked by clk_out_40_design_1_clk_wiz_1_0) and design_1_i/aes_ddr_1/U0/aes_ddr_v1_0_S00_AXI_inst/i_aes/DU/col2/ddr_layer_2/dual_reg/low_data_2/D (clocked by clk_out_40_design_1_clk_wiz_1_0). Large setup violations at the end of those stages might be difficult to fix during the post-placement implementation flow and could be the result of non-optimal XDC constraints or non-optimal design architecture
Related violations: <none>

TIMING-16#14 Warning
Large setup violation  
There is a large setup violation of -1.193 ns between design_1_i/aes_ddr_1/U0/aes_ddr_v1_0_S00_AXI_inst/i_aes/DU/col1/lin_1/addkey_in_5/D (clocked by clk_out_40_design_1_clk_wiz_1_0) and design_1_i/aes_ddr_1/U0/aes_ddr_v1_0_S00_AXI_inst/i_aes/DU/col1/ddr_layer_1/dual_reg/low_data_5/D (clocked by clk_out_40_design_1_clk_wiz_1_0). Large setup violations at the end of those stages might be difficult to fix during the post-placement implementation flow and could be the result of non-optimal XDC constraints or non-optimal design architecture
Related violations: <none>

TIMING-16#15 Warning
Large setup violation  
There is a large setup violation of -1.198 ns between design_1_i/aes_ddr_1/U0/aes_ddr_v1_0_S00_AXI_inst/i_aes/DU/col1/lin_1/addkey_in_0/D (clocked by clk_out_40_design_1_clk_wiz_1_0) and design_1_i/aes_ddr_1/U0/aes_ddr_v1_0_S00_AXI_inst/i_aes/DU/col1/ddr_layer_1/dual_reg/low_data_0/D (clocked by clk_out_40_design_1_clk_wiz_1_0). Large setup violations at the end of those stages might be difficult to fix during the post-placement implementation flow and could be the result of non-optimal XDC constraints or non-optimal design architecture
Related violations: <none>

TIMING-16#16 Warning
Large setup violation  
There is a large setup violation of -1.210 ns between design_1_i/aes_ddr_1/U0/aes_ddr_v1_0_S00_AXI_inst/i_aes/DU/col0/lin_3/addkey_in_0/D (clocked by clk_out_40_design_1_clk_wiz_1_0) and design_1_i/aes_ddr_1/U0/aes_ddr_v1_0_S00_AXI_inst/i_aes/DU/col0/ddr_layer_2/dual_reg/low_data_0/D (clocked by clk_out_40_design_1_clk_wiz_1_0). Large setup violations at the end of those stages might be difficult to fix during the post-placement implementation flow and could be the result of non-optimal XDC constraints or non-optimal design architecture
Related violations: <none>

TIMING-16#17 Warning
Large setup violation  
There is a large setup violation of -1.219 ns between design_1_i/aes_ddr_1/U0/aes_ddr_v1_0_S00_AXI_inst/i_aes/DU/col1/lin_3/addkey_in_0/D (clocked by clk_out_40_design_1_clk_wiz_1_0) and design_1_i/aes_ddr_1/U0/aes_ddr_v1_0_S00_AXI_inst/i_aes/DU/col1/ddr_layer_2/main_reg/low_data_0/D (clocked by clk_out_40_design_1_clk_wiz_1_0). Large setup violations at the end of those stages might be difficult to fix during the post-placement implementation flow and could be the result of non-optimal XDC constraints or non-optimal design architecture
Related violations: <none>

TIMING-16#18 Warning
Large setup violation  
There is a large setup violation of -1.233 ns between design_1_i/aes_ddr_1/U0/aes_ddr_v1_0_S00_AXI_inst/i_aes/DU/col2/lin_3/addkey_in_0/D (clocked by clk_out_40_design_1_clk_wiz_1_0) and design_1_i/aes_ddr_1/U0/aes_ddr_v1_0_S00_AXI_inst/i_aes/DU/col2/ddr_layer_2/main_reg/low_data_0/D (clocked by clk_out_40_design_1_clk_wiz_1_0). Large setup violations at the end of those stages might be difficult to fix during the post-placement implementation flow and could be the result of non-optimal XDC constraints or non-optimal design architecture
Related violations: <none>

TIMING-16#19 Warning
Large setup violation  
There is a large setup violation of -1.243 ns between design_1_i/aes_ddr_1/U0/aes_ddr_v1_0_S00_AXI_inst/i_aes/DU/col3/lin_1/addkey_in_7/D (clocked by clk_out_40_design_1_clk_wiz_1_0) and design_1_i/aes_ddr_1/U0/aes_ddr_v1_0_S00_AXI_inst/i_aes/DU/col3/ddr_layer_1/dual_reg/low_data_7/D (clocked by clk_out_40_design_1_clk_wiz_1_0). Large setup violations at the end of those stages might be difficult to fix during the post-placement implementation flow and could be the result of non-optimal XDC constraints or non-optimal design architecture
Related violations: <none>

TIMING-16#20 Warning
Large setup violation  
There is a large setup violation of -1.257 ns between design_1_i/aes_ddr_1/U0/aes_ddr_v1_0_S00_AXI_inst/i_aes/DU/col0/lin_1/addkey_in_7/D (clocked by clk_out_40_design_1_clk_wiz_1_0) and design_1_i/aes_ddr_1/U0/aes_ddr_v1_0_S00_AXI_inst/i_aes/DU/col0/ddr_layer_1/dual_reg/low_data_7/D (clocked by clk_out_40_design_1_clk_wiz_1_0). Large setup violations at the end of those stages might be difficult to fix during the post-placement implementation flow and could be the result of non-optimal XDC constraints or non-optimal design architecture
Related violations: <none>

TIMING-16#21 Warning
Large setup violation  
There is a large setup violation of -1.257 ns between design_1_i/aes_ddr_1/U0/aes_ddr_v1_0_S00_AXI_inst/i_aes/DU/col0/lin_3/addkey_in_7/D (clocked by clk_out_40_design_1_clk_wiz_1_0) and design_1_i/aes_ddr_1/U0/aes_ddr_v1_0_S00_AXI_inst/i_aes/DU/col0/ddr_layer_2/main_reg/low_data_7/D (clocked by clk_out_40_design_1_clk_wiz_1_0). Large setup violations at the end of those stages might be difficult to fix during the post-placement implementation flow and could be the result of non-optimal XDC constraints or non-optimal design architecture
Related violations: <none>

TIMING-16#22 Warning
Large setup violation  
There is a large setup violation of -1.260 ns between design_1_i/aes_ddr_1/U0/aes_ddr_v1_0_S00_AXI_inst/i_aes/DU/col0/lin_3/addkey_in_7/D (clocked by clk_out_40_design_1_clk_wiz_1_0) and design_1_i/aes_ddr_1/U0/aes_ddr_v1_0_S00_AXI_inst/i_aes/DU/col0/ddr_layer_2/dual_reg/low_data_7/D (clocked by clk_out_40_design_1_clk_wiz_1_0). Large setup violations at the end of those stages might be difficult to fix during the post-placement implementation flow and could be the result of non-optimal XDC constraints or non-optimal design architecture
Related violations: <none>

TIMING-16#23 Warning
Large setup violation  
There is a large setup violation of -1.269 ns between design_1_i/aes_ddr_1/U0/aes_ddr_v1_0_S00_AXI_inst/i_aes/DU/col2/lin_1/addkey_in_4/D (clocked by clk_out_40_design_1_clk_wiz_1_0) and design_1_i/aes_ddr_1/U0/aes_ddr_v1_0_S00_AXI_inst/i_aes/DU/col2/ddr_layer_1/main_reg/low_data_4/D (clocked by clk_out_40_design_1_clk_wiz_1_0). Large setup violations at the end of those stages might be difficult to fix during the post-placement implementation flow and could be the result of non-optimal XDC constraints or non-optimal design architecture
Related violations: <none>

TIMING-16#24 Warning
Large setup violation  
There is a large setup violation of -1.282 ns between design_1_i/aes_ddr_1/U0/aes_ddr_v1_0_S00_AXI_inst/i_aes/DU/col1/lin_3/addkey_in_4/D (clocked by clk_out_40_design_1_clk_wiz_1_0) and design_1_i/aes_ddr_1/U0/aes_ddr_v1_0_S00_AXI_inst/i_aes/DU/col1/ddr_layer_2/main_reg/low_data_4/D (clocked by clk_out_40_design_1_clk_wiz_1_0). Large setup violations at the end of those stages might be difficult to fix during the post-placement implementation flow and could be the result of non-optimal XDC constraints or non-optimal design architecture
Related violations: <none>

TIMING-16#25 Warning
Large setup violation  
There is a large setup violation of -1.306 ns between design_1_i/aes_ddr_1/U0/aes_ddr_v1_0_S00_AXI_inst/i_aes/DU/col1/lin_3/addkey_in_4/D (clocked by clk_out_40_design_1_clk_wiz_1_0) and design_1_i/aes_ddr_1/U0/aes_ddr_v1_0_S00_AXI_inst/i_aes/DU/col1/ddr_layer_2/dual_reg/low_data_4/D (clocked by clk_out_40_design_1_clk_wiz_1_0). Large setup violations at the end of those stages might be difficult to fix during the post-placement implementation flow and could be the result of non-optimal XDC constraints or non-optimal design architecture
Related violations: <none>

TIMING-16#26 Warning
Large setup violation  
There is a large setup violation of -1.310 ns between design_1_i/aes_ddr_1/U0/aes_ddr_v1_0_S00_AXI_inst/i_aes/DU/col0/lin_1/addkey_in_7/D (clocked by clk_out_40_design_1_clk_wiz_1_0) and design_1_i/aes_ddr_1/U0/aes_ddr_v1_0_S00_AXI_inst/i_aes/DU/col0/ddr_layer_1/main_reg/low_data_7/D (clocked by clk_out_40_design_1_clk_wiz_1_0). Large setup violations at the end of those stages might be difficult to fix during the post-placement implementation flow and could be the result of non-optimal XDC constraints or non-optimal design architecture
Related violations: <none>

TIMING-16#27 Warning
Large setup violation  
There is a large setup violation of -1.323 ns between design_1_i/aes_ddr_1/U0/aes_ddr_v1_0_S00_AXI_inst/i_aes/DU/col3/lin_3/addkey_in_6/D (clocked by clk_out_40_design_1_clk_wiz_1_0) and design_1_i/aes_ddr_1/U0/aes_ddr_v1_0_S00_AXI_inst/i_aes/DU/col3/ddr_layer_2/dual_reg/low_data_6/D (clocked by clk_out_40_design_1_clk_wiz_1_0). Large setup violations at the end of those stages might be difficult to fix during the post-placement implementation flow and could be the result of non-optimal XDC constraints or non-optimal design architecture
Related violations: <none>

TIMING-16#28 Warning
Large setup violation  
There is a large setup violation of -1.327 ns between design_1_i/aes_ddr_1/U0/aes_ddr_v1_0_S00_AXI_inst/i_aes/DU/col1/lin_3/addkey_in_3/D (clocked by clk_out_40_design_1_clk_wiz_1_0) and design_1_i/aes_ddr_1/U0/aes_ddr_v1_0_S00_AXI_inst/i_aes/DU/col1/ddr_layer_2/main_reg/low_data_3/D (clocked by clk_out_40_design_1_clk_wiz_1_0). Large setup violations at the end of those stages might be difficult to fix during the post-placement implementation flow and could be the result of non-optimal XDC constraints or non-optimal design architecture
Related violations: <none>

TIMING-16#29 Warning
Large setup violation  
There is a large setup violation of -1.327 ns between design_1_i/aes_ddr_1/U0/aes_ddr_v1_0_S00_AXI_inst/i_aes/DU/col1/lin_3/addkey_in_7/D (clocked by clk_out_40_design_1_clk_wiz_1_0) and design_1_i/aes_ddr_1/U0/aes_ddr_v1_0_S00_AXI_inst/i_aes/DU/col1/ddr_layer_2/main_reg/low_data_7/D (clocked by clk_out_40_design_1_clk_wiz_1_0). Large setup violations at the end of those stages might be difficult to fix during the post-placement implementation flow and could be the result of non-optimal XDC constraints or non-optimal design architecture
Related violations: <none>

TIMING-16#30 Warning
Large setup violation  
There is a large setup violation of -1.335 ns between design_1_i/aes_ddr_1/U0/aes_ddr_v1_0_S00_AXI_inst/i_aes/DU/col3/lin_1/addkey_in_4/D (clocked by clk_out_40_design_1_clk_wiz_1_0) and design_1_i/aes_ddr_1/U0/aes_ddr_v1_0_S00_AXI_inst/i_aes/DU/col3/ddr_layer_1/dual_reg/low_data_4/D (clocked by clk_out_40_design_1_clk_wiz_1_0). Large setup violations at the end of those stages might be difficult to fix during the post-placement implementation flow and could be the result of non-optimal XDC constraints or non-optimal design architecture
Related violations: <none>

TIMING-16#31 Warning
Large setup violation  
There is a large setup violation of -1.345 ns between design_1_i/aes_ddr_1/U0/aes_ddr_v1_0_S00_AXI_inst/i_aes/DU/col2/lin_3/addkey_in_1/D (clocked by clk_out_40_design_1_clk_wiz_1_0) and design_1_i/aes_ddr_1/U0/aes_ddr_v1_0_S00_AXI_inst/i_aes/DU/col2/ddr_layer_2/main_reg/low_data_1/D (clocked by clk_out_40_design_1_clk_wiz_1_0). Large setup violations at the end of those stages might be difficult to fix during the post-placement implementation flow and could be the result of non-optimal XDC constraints or non-optimal design architecture
Related violations: <none>

TIMING-16#32 Warning
Large setup violation  
There is a large setup violation of -1.347 ns between design_1_i/aes_ddr_1/U0/aes_ddr_v1_0_S00_AXI_inst/i_aes/DU/col3/lin_1/addkey_in_2/D (clocked by clk_out_40_design_1_clk_wiz_1_0) and design_1_i/aes_ddr_1/U0/aes_ddr_v1_0_S00_AXI_inst/i_aes/DU/col3/ddr_layer_1/main_reg/low_data_2/D (clocked by clk_out_40_design_1_clk_wiz_1_0). Large setup violations at the end of those stages might be difficult to fix during the post-placement implementation flow and could be the result of non-optimal XDC constraints or non-optimal design architecture
Related violations: <none>

TIMING-16#33 Warning
Large setup violation  
There is a large setup violation of -1.354 ns between design_1_i/aes_ddr_1/U0/aes_ddr_v1_0_S00_AXI_inst/i_aes/DU/col1/lin_1/addkey_in_7/D (clocked by clk_out_40_design_1_clk_wiz_1_0) and design_1_i/aes_ddr_1/U0/aes_ddr_v1_0_S00_AXI_inst/i_aes/DU/col1/ddr_layer_1/main_reg/low_data_7/D (clocked by clk_out_40_design_1_clk_wiz_1_0). Large setup violations at the end of those stages might be difficult to fix during the post-placement implementation flow and could be the result of non-optimal XDC constraints or non-optimal design architecture
Related violations: <none>

TIMING-16#34 Warning
Large setup violation  
There is a large setup violation of -1.364 ns between design_1_i/aes_ddr_1/U0/aes_ddr_v1_0_S00_AXI_inst/i_aes/DU/col3/lin_1/addkey_in_1/D (clocked by clk_out_40_design_1_clk_wiz_1_0) and design_1_i/aes_ddr_1/U0/aes_ddr_v1_0_S00_AXI_inst/i_aes/DU/col3/ddr_layer_1/main_reg/low_data_1/D (clocked by clk_out_40_design_1_clk_wiz_1_0). Large setup violations at the end of those stages might be difficult to fix during the post-placement implementation flow and could be the result of non-optimal XDC constraints or non-optimal design architecture
Related violations: <none>

TIMING-16#35 Warning
Large setup violation  
There is a large setup violation of -1.368 ns between design_1_i/aes_ddr_1/U0/aes_ddr_v1_0_S00_AXI_inst/i_aes/DU/col0/lin_3/addkey_in_2/D (clocked by clk_out_40_design_1_clk_wiz_1_0) and design_1_i/aes_ddr_1/U0/aes_ddr_v1_0_S00_AXI_inst/i_aes/DU/col0/ddr_layer_2/main_reg/low_data_2/D (clocked by clk_out_40_design_1_clk_wiz_1_0). Large setup violations at the end of those stages might be difficult to fix during the post-placement implementation flow and could be the result of non-optimal XDC constraints or non-optimal design architecture
Related violations: <none>

TIMING-16#36 Warning
Large setup violation  
There is a large setup violation of -1.370 ns between design_1_i/aes_ddr_1/U0/aes_ddr_v1_0_S00_AXI_inst/i_aes/DU/col0/lin_1/addkey_in_6/D (clocked by clk_out_40_design_1_clk_wiz_1_0) and design_1_i/aes_ddr_1/U0/aes_ddr_v1_0_S00_AXI_inst/i_aes/DU/col0/ddr_layer_1/dual_reg/low_data_6/D (clocked by clk_out_40_design_1_clk_wiz_1_0). Large setup violations at the end of those stages might be difficult to fix during the post-placement implementation flow and could be the result of non-optimal XDC constraints or non-optimal design architecture
Related violations: <none>

TIMING-16#37 Warning
Large setup violation  
There is a large setup violation of -1.376 ns between design_1_i/aes_ddr_1/U0/aes_ddr_v1_0_S00_AXI_inst/i_aes/DU/col1/lin_3/addkey_in_0/D (clocked by clk_out_40_design_1_clk_wiz_1_0) and design_1_i/aes_ddr_1/U0/aes_ddr_v1_0_S00_AXI_inst/i_aes/DU/col1/ddr_layer_2/dual_reg/low_data_0/D (clocked by clk_out_40_design_1_clk_wiz_1_0). Large setup violations at the end of those stages might be difficult to fix during the post-placement implementation flow and could be the result of non-optimal XDC constraints or non-optimal design architecture
Related violations: <none>

TIMING-16#38 Warning
Large setup violation  
There is a large setup violation of -1.376 ns between design_1_i/aes_ddr_1/U0/aes_ddr_v1_0_S00_AXI_inst/i_aes/DU/col2/lin_1/addkey_in_3/D (clocked by clk_out_40_design_1_clk_wiz_1_0) and design_1_i/aes_ddr_1/U0/aes_ddr_v1_0_S00_AXI_inst/i_aes/DU/col2/ddr_layer_1/main_reg/low_data_3/D (clocked by clk_out_40_design_1_clk_wiz_1_0). Large setup violations at the end of those stages might be difficult to fix during the post-placement implementation flow and could be the result of non-optimal XDC constraints or non-optimal design architecture
Related violations: <none>

TIMING-16#39 Warning
Large setup violation  
There is a large setup violation of -1.379 ns between design_1_i/aes_ddr_1/U0/aes_ddr_v1_0_S00_AXI_inst/i_aes/DU/col3/lin_3/addkey_in_5/D (clocked by clk_out_40_design_1_clk_wiz_1_0) and design_1_i/aes_ddr_1/U0/aes_ddr_v1_0_S00_AXI_inst/i_aes/DU/col3/ddr_layer_2/dual_reg/low_data_5/D (clocked by clk_out_40_design_1_clk_wiz_1_0). Large setup violations at the end of those stages might be difficult to fix during the post-placement implementation flow and could be the result of non-optimal XDC constraints or non-optimal design architecture
Related violations: <none>

TIMING-16#40 Warning
Large setup violation  
There is a large setup violation of -1.399 ns between design_1_i/aes_ddr_1/U0/aes_ddr_v1_0_S00_AXI_inst/i_aes/DU/col0/lin_1/addkey_in_6/D (clocked by clk_out_40_design_1_clk_wiz_1_0) and design_1_i/aes_ddr_1/U0/aes_ddr_v1_0_S00_AXI_inst/i_aes/DU/col0/ddr_layer_1/main_reg/low_data_6/D (clocked by clk_out_40_design_1_clk_wiz_1_0). Large setup violations at the end of those stages might be difficult to fix during the post-placement implementation flow and could be the result of non-optimal XDC constraints or non-optimal design architecture
Related violations: <none>

TIMING-16#41 Warning
Large setup violation  
There is a large setup violation of -1.406 ns between design_1_i/aes_ddr_1/U0/aes_ddr_v1_0_S00_AXI_inst/i_aes/DU/col3/lin_3/addkey_in_5/D (clocked by clk_out_40_design_1_clk_wiz_1_0) and design_1_i/aes_ddr_1/U0/aes_ddr_v1_0_S00_AXI_inst/i_aes/DU/col3/ddr_layer_2/main_reg/low_data_5/D (clocked by clk_out_40_design_1_clk_wiz_1_0). Large setup violations at the end of those stages might be difficult to fix during the post-placement implementation flow and could be the result of non-optimal XDC constraints or non-optimal design architecture
Related violations: <none>

TIMING-16#42 Warning
Large setup violation  
There is a large setup violation of -1.412 ns between design_1_i/aes_ddr_1/U0/aes_ddr_v1_0_S00_AXI_inst/i_aes/DU/col3/lin_3/addkey_in_0/D (clocked by clk_out_40_design_1_clk_wiz_1_0) and design_1_i/aes_ddr_1/U0/aes_ddr_v1_0_S00_AXI_inst/i_aes/DU/col3/ddr_layer_2/dual_reg/low_data_0/D (clocked by clk_out_40_design_1_clk_wiz_1_0). Large setup violations at the end of those stages might be difficult to fix during the post-placement implementation flow and could be the result of non-optimal XDC constraints or non-optimal design architecture
Related violations: <none>

TIMING-16#43 Warning
Large setup violation  
There is a large setup violation of -1.421 ns between design_1_i/aes_ddr_1/U0/aes_ddr_v1_0_S00_AXI_inst/i_aes/DU/col2/lin_1/addkey_in_7/D (clocked by clk_out_40_design_1_clk_wiz_1_0) and design_1_i/aes_ddr_1/U0/aes_ddr_v1_0_S00_AXI_inst/i_aes/DU/col2/ddr_layer_1/dual_reg/low_data_7/D (clocked by clk_out_40_design_1_clk_wiz_1_0). Large setup violations at the end of those stages might be difficult to fix during the post-placement implementation flow and could be the result of non-optimal XDC constraints or non-optimal design architecture
Related violations: <none>

TIMING-16#44 Warning
Large setup violation  
There is a large setup violation of -1.428 ns between design_1_i/aes_ddr_1/U0/aes_ddr_v1_0_S00_AXI_inst/i_aes/DU/col0/lin_1/addkey_in_1/D (clocked by clk_out_40_design_1_clk_wiz_1_0) and design_1_i/aes_ddr_1/U0/aes_ddr_v1_0_S00_AXI_inst/i_aes/DU/col0/ddr_layer_1/main_reg/low_data_1/D (clocked by clk_out_40_design_1_clk_wiz_1_0). Large setup violations at the end of those stages might be difficult to fix during the post-placement implementation flow and could be the result of non-optimal XDC constraints or non-optimal design architecture
Related violations: <none>

TIMING-16#45 Warning
Large setup violation  
There is a large setup violation of -1.428 ns between design_1_i/aes_ddr_1/U0/aes_ddr_v1_0_S00_AXI_inst/i_aes/DU/col1/lin_1/addkey_in_3/D (clocked by clk_out_40_design_1_clk_wiz_1_0) and design_1_i/aes_ddr_1/U0/aes_ddr_v1_0_S00_AXI_inst/i_aes/DU/col1/ddr_layer_1/dual_reg/low_data_3/D (clocked by clk_out_40_design_1_clk_wiz_1_0). Large setup violations at the end of those stages might be difficult to fix during the post-placement implementation flow and could be the result of non-optimal XDC constraints or non-optimal design architecture
Related violations: <none>

TIMING-16#46 Warning
Large setup violation  
There is a large setup violation of -1.431 ns between design_1_i/aes_ddr_1/U0/aes_ddr_v1_0_S00_AXI_inst/i_aes/DU/col3/lin_1/addkey_in_6/D (clocked by clk_out_40_design_1_clk_wiz_1_0) and design_1_i/aes_ddr_1/U0/aes_ddr_v1_0_S00_AXI_inst/i_aes/DU/col3/ddr_layer_1/dual_reg/low_data_6/D (clocked by clk_out_40_design_1_clk_wiz_1_0). Large setup violations at the end of those stages might be difficult to fix during the post-placement implementation flow and could be the result of non-optimal XDC constraints or non-optimal design architecture
Related violations: <none>

TIMING-16#47 Warning
Large setup violation  
There is a large setup violation of -1.435 ns between design_1_i/aes_ddr_1/U0/aes_ddr_v1_0_S00_AXI_inst/i_aes/DU/col1/lin_3/addkey_in_6/D (clocked by clk_out_40_design_1_clk_wiz_1_0) and design_1_i/aes_ddr_1/U0/aes_ddr_v1_0_S00_AXI_inst/i_aes/DU/col1/ddr_layer_2/dual_reg/low_data_6/D (clocked by clk_out_40_design_1_clk_wiz_1_0). Large setup violations at the end of those stages might be difficult to fix during the post-placement implementation flow and could be the result of non-optimal XDC constraints or non-optimal design architecture
Related violations: <none>

TIMING-16#48 Warning
Large setup violation  
There is a large setup violation of -1.443 ns between design_1_i/aes_ddr_1/U0/aes_ddr_v1_0_S00_AXI_inst/i_aes/DU/col0/lin_1/addkey_in_5/D (clocked by clk_out_40_design_1_clk_wiz_1_0) and design_1_i/aes_ddr_1/U0/aes_ddr_v1_0_S00_AXI_inst/i_aes/DU/col0/ddr_layer_1/dual_reg/low_data_5/D (clocked by clk_out_40_design_1_clk_wiz_1_0). Large setup violations at the end of those stages might be difficult to fix during the post-placement implementation flow and could be the result of non-optimal XDC constraints or non-optimal design architecture
Related violations: <none>

TIMING-16#49 Warning
Large setup violation  
There is a large setup violation of -1.445 ns between design_1_i/aes_ddr_1/U0/aes_ddr_v1_0_S00_AXI_inst/i_aes/DU/col2/lin_3/addkey_in_6/D (clocked by clk_out_40_design_1_clk_wiz_1_0) and design_1_i/aes_ddr_1/U0/aes_ddr_v1_0_S00_AXI_inst/i_aes/DU/col2/ddr_layer_2/main_reg/low_data_6/D (clocked by clk_out_40_design_1_clk_wiz_1_0). Large setup violations at the end of those stages might be difficult to fix during the post-placement implementation flow and could be the result of non-optimal XDC constraints or non-optimal design architecture
Related violations: <none>

TIMING-16#50 Warning
Large setup violation  
There is a large setup violation of -1.453 ns between design_1_i/aes_ddr_1/U0/aes_ddr_v1_0_S00_AXI_inst/i_aes/DU/col0/lin_3/addkey_in_5/D (clocked by clk_out_40_design_1_clk_wiz_1_0) and design_1_i/aes_ddr_1/U0/aes_ddr_v1_0_S00_AXI_inst/i_aes/DU/col0/ddr_layer_2/main_reg/low_data_5/D (clocked by clk_out_40_design_1_clk_wiz_1_0). Large setup violations at the end of those stages might be difficult to fix during the post-placement implementation flow and could be the result of non-optimal XDC constraints or non-optimal design architecture
Related violations: <none>

TIMING-16#51 Warning
Large setup violation  
There is a large setup violation of -1.453 ns between design_1_i/aes_ddr_1/U0/aes_ddr_v1_0_S00_AXI_inst/i_aes/DU/col2/lin_3/addkey_in_5/D (clocked by clk_out_40_design_1_clk_wiz_1_0) and design_1_i/aes_ddr_1/U0/aes_ddr_v1_0_S00_AXI_inst/i_aes/DU/col2/ddr_layer_2/dual_reg/low_data_5/D (clocked by clk_out_40_design_1_clk_wiz_1_0). Large setup violations at the end of those stages might be difficult to fix during the post-placement implementation flow and could be the result of non-optimal XDC constraints or non-optimal design architecture
Related violations: <none>

TIMING-16#52 Warning
Large setup violation  
There is a large setup violation of -1.459 ns between design_1_i/aes_ddr_1/U0/aes_ddr_v1_0_S00_AXI_inst/i_aes/DU/col2/lin_3/addkey_in_3/D (clocked by clk_out_40_design_1_clk_wiz_1_0) and design_1_i/aes_ddr_1/U0/aes_ddr_v1_0_S00_AXI_inst/i_aes/DU/col2/ddr_layer_2/dual_reg/low_data_3/D (clocked by clk_out_40_design_1_clk_wiz_1_0). Large setup violations at the end of those stages might be difficult to fix during the post-placement implementation flow and could be the result of non-optimal XDC constraints or non-optimal design architecture
Related violations: <none>

TIMING-16#53 Warning
Large setup violation  
There is a large setup violation of -1.463 ns between design_1_i/aes_ddr_1/U0/aes_ddr_v1_0_S00_AXI_inst/i_aes/DU/col2/lin_3/addkey_in_6/D (clocked by clk_out_40_design_1_clk_wiz_1_0) and design_1_i/aes_ddr_1/U0/aes_ddr_v1_0_S00_AXI_inst/i_aes/DU/col2/ddr_layer_2/dual_reg/low_data_6/D (clocked by clk_out_40_design_1_clk_wiz_1_0). Large setup violations at the end of those stages might be difficult to fix during the post-placement implementation flow and could be the result of non-optimal XDC constraints or non-optimal design architecture
Related violations: <none>

TIMING-16#54 Warning
Large setup violation  
There is a large setup violation of -1.476 ns between design_1_i/aes_ddr_1/U0/aes_ddr_v1_0_S00_AXI_inst/i_aes/DU/col3/lin_3/addkey_in_4/D (clocked by clk_out_40_design_1_clk_wiz_1_0) and design_1_i/aes_ddr_1/U0/aes_ddr_v1_0_S00_AXI_inst/i_aes/DU/col3/ddr_layer_2/main_reg/low_data_4/D (clocked by clk_out_40_design_1_clk_wiz_1_0). Large setup violations at the end of those stages might be difficult to fix during the post-placement implementation flow and could be the result of non-optimal XDC constraints or non-optimal design architecture
Related violations: <none>

TIMING-16#55 Warning
Large setup violation  
There is a large setup violation of -1.477 ns between design_1_i/aes_ddr_1/U0/aes_ddr_v1_0_S00_AXI_inst/i_aes/DU/col3/lin_1/addkey_in_5/D (clocked by clk_out_40_design_1_clk_wiz_1_0) and design_1_i/aes_ddr_1/U0/aes_ddr_v1_0_S00_AXI_inst/i_aes/DU/col3/ddr_layer_1/dual_reg/low_data_5/D (clocked by clk_out_40_design_1_clk_wiz_1_0). Large setup violations at the end of those stages might be difficult to fix during the post-placement implementation flow and could be the result of non-optimal XDC constraints or non-optimal design architecture
Related violations: <none>

TIMING-16#56 Warning
Large setup violation  
There is a large setup violation of -1.484 ns between design_1_i/aes_ddr_1/U0/aes_ddr_v1_0_S00_AXI_inst/i_aes/DU/col2/lin_3/addkey_in_3/D (clocked by clk_out_40_design_1_clk_wiz_1_0) and design_1_i/aes_ddr_1/U0/aes_ddr_v1_0_S00_AXI_inst/i_aes/DU/col2/ddr_layer_2/main_reg/low_data_3/D (clocked by clk_out_40_design_1_clk_wiz_1_0). Large setup violations at the end of those stages might be difficult to fix during the post-placement implementation flow and could be the result of non-optimal XDC constraints or non-optimal design architecture
Related violations: <none>

TIMING-16#57 Warning
Large setup violation  
There is a large setup violation of -1.492 ns between design_1_i/aes_ddr_1/U0/aes_ddr_v1_0_S00_AXI_inst/i_aes/DU/col1/lin_3/addkey_in_1/D (clocked by clk_out_40_design_1_clk_wiz_1_0) and design_1_i/aes_ddr_1/U0/aes_ddr_v1_0_S00_AXI_inst/i_aes/DU/col1/ddr_layer_2/dual_reg/low_data_1/D (clocked by clk_out_40_design_1_clk_wiz_1_0). Large setup violations at the end of those stages might be difficult to fix during the post-placement implementation flow and could be the result of non-optimal XDC constraints or non-optimal design architecture
Related violations: <none>

TIMING-16#58 Warning
Large setup violation  
There is a large setup violation of -1.495 ns between design_1_i/aes_ddr_1/U0/aes_ddr_v1_0_S00_AXI_inst/i_aes/DU/col3/lin_1/addkey_in_2/D (clocked by clk_out_40_design_1_clk_wiz_1_0) and design_1_i/aes_ddr_1/U0/aes_ddr_v1_0_S00_AXI_inst/i_aes/DU/col3/ddr_layer_1/dual_reg/low_data_2/D (clocked by clk_out_40_design_1_clk_wiz_1_0). Large setup violations at the end of those stages might be difficult to fix during the post-placement implementation flow and could be the result of non-optimal XDC constraints or non-optimal design architecture
Related violations: <none>

TIMING-16#59 Warning
Large setup violation  
There is a large setup violation of -1.497 ns between design_1_i/aes_ddr_1/U0/aes_ddr_v1_0_S00_AXI_inst/i_aes/DU/col0/lin_1/addkey_in_5/D (clocked by clk_out_40_design_1_clk_wiz_1_0) and design_1_i/aes_ddr_1/U0/aes_ddr_v1_0_S00_AXI_inst/i_aes/DU/col0/ddr_layer_1/main_reg/low_data_5/D (clocked by clk_out_40_design_1_clk_wiz_1_0). Large setup violations at the end of those stages might be difficult to fix during the post-placement implementation flow and could be the result of non-optimal XDC constraints or non-optimal design architecture
Related violations: <none>

TIMING-16#60 Warning
Large setup violation  
There is a large setup violation of -1.497 ns between design_1_i/aes_ddr_1/U0/aes_ddr_v1_0_S00_AXI_inst/i_aes/DU/col0/lin_3/addkey_in_5/D (clocked by clk_out_40_design_1_clk_wiz_1_0) and design_1_i/aes_ddr_1/U0/aes_ddr_v1_0_S00_AXI_inst/i_aes/DU/col0/ddr_layer_2/dual_reg/low_data_5/D (clocked by clk_out_40_design_1_clk_wiz_1_0). Large setup violations at the end of those stages might be difficult to fix during the post-placement implementation flow and could be the result of non-optimal XDC constraints or non-optimal design architecture
Related violations: <none>

TIMING-16#61 Warning
Large setup violation  
There is a large setup violation of -1.500 ns between design_1_i/aes_ddr_1/U0/aes_ddr_v1_0_S00_AXI_inst/i_aes/DU/col1/lin_1/addkey_in_6/D (clocked by clk_out_40_design_1_clk_wiz_1_0) and design_1_i/aes_ddr_1/U0/aes_ddr_v1_0_S00_AXI_inst/i_aes/DU/col1/ddr_layer_1/dual_reg/low_data_6/D (clocked by clk_out_40_design_1_clk_wiz_1_0). Large setup violations at the end of those stages might be difficult to fix during the post-placement implementation flow and could be the result of non-optimal XDC constraints or non-optimal design architecture
Related violations: <none>

TIMING-16#62 Warning
Large setup violation  
There is a large setup violation of -1.500 ns between design_1_i/aes_ddr_1/U0/aes_ddr_v1_0_S00_AXI_inst/i_aes/DU/col3/lin_1/addkey_in_5/D (clocked by clk_out_40_design_1_clk_wiz_1_0) and design_1_i/aes_ddr_1/U0/aes_ddr_v1_0_S00_AXI_inst/i_aes/DU/col3/ddr_layer_1/main_reg/low_data_5/D (clocked by clk_out_40_design_1_clk_wiz_1_0). Large setup violations at the end of those stages might be difficult to fix during the post-placement implementation flow and could be the result of non-optimal XDC constraints or non-optimal design architecture
Related violations: <none>

TIMING-16#63 Warning
Large setup violation  
There is a large setup violation of -1.504 ns between design_1_i/aes_ddr_1/U0/aes_ddr_v1_0_S00_AXI_inst/i_aes/DU/col1/lin_3/addkey_in_2/D (clocked by clk_out_40_design_1_clk_wiz_1_0) and design_1_i/aes_ddr_1/U0/aes_ddr_v1_0_S00_AXI_inst/i_aes/DU/col1/ddr_layer_2/dual_reg/low_data_2/D (clocked by clk_out_40_design_1_clk_wiz_1_0). Large setup violations at the end of those stages might be difficult to fix during the post-placement implementation flow and could be the result of non-optimal XDC constraints or non-optimal design architecture
Related violations: <none>

TIMING-16#64 Warning
Large setup violation  
There is a large setup violation of -1.505 ns between design_1_i/aes_ddr_1/U0/aes_ddr_v1_0_S00_AXI_inst/i_aes/DU/col1/lin_3/addkey_in_6/D (clocked by clk_out_40_design_1_clk_wiz_1_0) and design_1_i/aes_ddr_1/U0/aes_ddr_v1_0_S00_AXI_inst/i_aes/DU/col1/ddr_layer_2/main_reg/low_data_6/D (clocked by clk_out_40_design_1_clk_wiz_1_0). Large setup violations at the end of those stages might be difficult to fix during the post-placement implementation flow and could be the result of non-optimal XDC constraints or non-optimal design architecture
Related violations: <none>

TIMING-16#65 Warning
Large setup violation  
There is a large setup violation of -1.512 ns between design_1_i/aes_ddr_1/U0/aes_ddr_v1_0_S00_AXI_inst/i_aes/DU/col1/lin_1/addkey_in_7/D (clocked by clk_out_40_design_1_clk_wiz_1_0) and design_1_i/aes_ddr_1/U0/aes_ddr_v1_0_S00_AXI_inst/i_aes/DU/col1/ddr_layer_1/dual_reg/low_data_7/D (clocked by clk_out_40_design_1_clk_wiz_1_0). Large setup violations at the end of those stages might be difficult to fix during the post-placement implementation flow and could be the result of non-optimal XDC constraints or non-optimal design architecture
Related violations: <none>

TIMING-16#66 Warning
Large setup violation  
There is a large setup violation of -1.522 ns between design_1_i/aes_ddr_1/U0/aes_ddr_v1_0_S00_AXI_inst/i_aes/DU/col0/lin_3/addkey_in_3/D (clocked by clk_out_40_design_1_clk_wiz_1_0) and design_1_i/aes_ddr_1/U0/aes_ddr_v1_0_S00_AXI_inst/i_aes/DU/col0/ddr_layer_2/main_reg/low_data_3/D (clocked by clk_out_40_design_1_clk_wiz_1_0). Large setup violations at the end of those stages might be difficult to fix during the post-placement implementation flow and could be the result of non-optimal XDC constraints or non-optimal design architecture
Related violations: <none>

TIMING-16#67 Warning
Large setup violation  
There is a large setup violation of -1.530 ns between design_1_i/aes_ddr_1/U0/aes_ddr_v1_0_S00_AXI_inst/i_aes/DU/col1/lin_1/addkey_in_0/D (clocked by clk_out_40_design_1_clk_wiz_1_0) and design_1_i/aes_ddr_1/U0/aes_ddr_v1_0_S00_AXI_inst/i_aes/DU/col1/ddr_layer_1/main_reg/low_data_0/D (clocked by clk_out_40_design_1_clk_wiz_1_0). Large setup violations at the end of those stages might be difficult to fix during the post-placement implementation flow and could be the result of non-optimal XDC constraints or non-optimal design architecture
Related violations: <none>

TIMING-16#68 Warning
Large setup violation  
There is a large setup violation of -1.533 ns between design_1_i/aes_ddr_1/U0/aes_ddr_v1_0_S00_AXI_inst/i_aes/DU/col3/lin_3/addkey_in_1/D (clocked by clk_out_40_design_1_clk_wiz_1_0) and design_1_i/aes_ddr_1/U0/aes_ddr_v1_0_S00_AXI_inst/i_aes/DU/col3/ddr_layer_2/dual_reg/low_data_1/D (clocked by clk_out_40_design_1_clk_wiz_1_0). Large setup violations at the end of those stages might be difficult to fix during the post-placement implementation flow and could be the result of non-optimal XDC constraints or non-optimal design architecture
Related violations: <none>

TIMING-16#69 Warning
Large setup violation  
There is a large setup violation of -1.553 ns between design_1_i/aes_ddr_1/U0/aes_ddr_v1_0_S00_AXI_inst/i_aes/DU/col1/lin_1/addkey_in_1/D (clocked by clk_out_40_design_1_clk_wiz_1_0) and design_1_i/aes_ddr_1/U0/aes_ddr_v1_0_S00_AXI_inst/i_aes/DU/col1/ddr_layer_1/main_reg/low_data_1/D (clocked by clk_out_40_design_1_clk_wiz_1_0). Large setup violations at the end of those stages might be difficult to fix during the post-placement implementation flow and could be the result of non-optimal XDC constraints or non-optimal design architecture
Related violations: <none>

TIMING-16#70 Warning
Large setup violation  
There is a large setup violation of -1.559 ns between design_1_i/aes_ddr_1/U0/aes_ddr_v1_0_S00_AXI_inst/i_aes/DU/col1/lin_3/addkey_in_2/D (clocked by clk_out_40_design_1_clk_wiz_1_0) and design_1_i/aes_ddr_1/U0/aes_ddr_v1_0_S00_AXI_inst/i_aes/DU/col1/ddr_layer_2/main_reg/low_data_2/D (clocked by clk_out_40_design_1_clk_wiz_1_0). Large setup violations at the end of those stages might be difficult to fix during the post-placement implementation flow and could be the result of non-optimal XDC constraints or non-optimal design architecture
Related violations: <none>

TIMING-16#71 Warning
Large setup violation  
There is a large setup violation of -1.566 ns between design_1_i/aes_ddr_1/U0/aes_ddr_v1_0_S00_AXI_inst/i_aes/DU/col0/lin_1/addkey_in_2/D (clocked by clk_out_40_design_1_clk_wiz_1_0) and design_1_i/aes_ddr_1/U0/aes_ddr_v1_0_S00_AXI_inst/i_aes/DU/col0/ddr_layer_1/dual_reg/low_data_2/D (clocked by clk_out_40_design_1_clk_wiz_1_0). Large setup violations at the end of those stages might be difficult to fix during the post-placement implementation flow and could be the result of non-optimal XDC constraints or non-optimal design architecture
Related violations: <none>

TIMING-16#72 Warning
Large setup violation  
There is a large setup violation of -1.569 ns between design_1_i/aes_ddr_1/U0/aes_ddr_v1_0_S00_AXI_inst/i_aes/DU/col3/lin_1/addkey_in_4/D (clocked by clk_out_40_design_1_clk_wiz_1_0) and design_1_i/aes_ddr_1/U0/aes_ddr_v1_0_S00_AXI_inst/i_aes/DU/col3/ddr_layer_1/main_reg/low_data_4/D (clocked by clk_out_40_design_1_clk_wiz_1_0). Large setup violations at the end of those stages might be difficult to fix during the post-placement implementation flow and could be the result of non-optimal XDC constraints or non-optimal design architecture
Related violations: <none>

TIMING-16#73 Warning
Large setup violation  
There is a large setup violation of -1.572 ns between design_1_i/aes_ddr_1/U0/aes_ddr_v1_0_S00_AXI_inst/i_aes/DU/col1/lin_1/addkey_in_2/D (clocked by clk_out_40_design_1_clk_wiz_1_0) and design_1_i/aes_ddr_1/U0/aes_ddr_v1_0_S00_AXI_inst/i_aes/DU/col1/ddr_layer_1/dual_reg/low_data_2/D (clocked by clk_out_40_design_1_clk_wiz_1_0). Large setup violations at the end of those stages might be difficult to fix during the post-placement implementation flow and could be the result of non-optimal XDC constraints or non-optimal design architecture
Related violations: <none>

TIMING-16#74 Warning
Large setup violation  
There is a large setup violation of -1.582 ns between design_1_i/aes_ddr_1/U0/aes_ddr_v1_0_S00_AXI_inst/i_aes/DU/col0/lin_3/addkey_in_3/D (clocked by clk_out_40_design_1_clk_wiz_1_0) and design_1_i/aes_ddr_1/U0/aes_ddr_v1_0_S00_AXI_inst/i_aes/DU/col0/ddr_layer_2/dual_reg/low_data_3/D (clocked by clk_out_40_design_1_clk_wiz_1_0). Large setup violations at the end of those stages might be difficult to fix during the post-placement implementation flow and could be the result of non-optimal XDC constraints or non-optimal design architecture
Related violations: <none>

TIMING-16#75 Warning
Large setup violation  
There is a large setup violation of -1.582 ns between design_1_i/aes_ddr_1/U0/aes_ddr_v1_0_S00_AXI_inst/i_aes/DU/col2/lin_3/addkey_in_7/D (clocked by clk_out_40_design_1_clk_wiz_1_0) and design_1_i/aes_ddr_1/U0/aes_ddr_v1_0_S00_AXI_inst/i_aes/DU/col2/ddr_layer_2/main_reg/low_data_7/D (clocked by clk_out_40_design_1_clk_wiz_1_0). Large setup violations at the end of those stages might be difficult to fix during the post-placement implementation flow and could be the result of non-optimal XDC constraints or non-optimal design architecture
Related violations: <none>

TIMING-16#76 Warning
Large setup violation  
There is a large setup violation of -1.583 ns between design_1_i/aes_ddr_1/U0/aes_ddr_v1_0_S00_AXI_inst/i_aes/DU/col0/lin_1/addkey_in_2/D (clocked by clk_out_40_design_1_clk_wiz_1_0) and design_1_i/aes_ddr_1/U0/aes_ddr_v1_0_S00_AXI_inst/i_aes/DU/col0/ddr_layer_1/main_reg/low_data_2/D (clocked by clk_out_40_design_1_clk_wiz_1_0). Large setup violations at the end of those stages might be difficult to fix during the post-placement implementation flow and could be the result of non-optimal XDC constraints or non-optimal design architecture
Related violations: <none>

TIMING-16#77 Warning
Large setup violation  
There is a large setup violation of -1.590 ns between design_1_i/aes_ddr_1/U0/aes_ddr_v1_0_S00_AXI_inst/i_aes/DU/col2/lin_1/addkey_in_0/D (clocked by clk_out_40_design_1_clk_wiz_1_0) and design_1_i/aes_ddr_1/U0/aes_ddr_v1_0_S00_AXI_inst/i_aes/DU/col2/ddr_layer_1/dual_reg/low_data_0/D (clocked by clk_out_40_design_1_clk_wiz_1_0). Large setup violations at the end of those stages might be difficult to fix during the post-placement implementation flow and could be the result of non-optimal XDC constraints or non-optimal design architecture
Related violations: <none>

TIMING-16#78 Warning
Large setup violation  
There is a large setup violation of -1.590 ns between design_1_i/aes_ddr_1/U0/aes_ddr_v1_0_S00_AXI_inst/i_aes/DU/col2/lin_1/addkey_in_5/D (clocked by clk_out_40_design_1_clk_wiz_1_0) and design_1_i/aes_ddr_1/U0/aes_ddr_v1_0_S00_AXI_inst/i_aes/DU/col2/ddr_layer_1/dual_reg/low_data_5/D (clocked by clk_out_40_design_1_clk_wiz_1_0). Large setup violations at the end of those stages might be difficult to fix during the post-placement implementation flow and could be the result of non-optimal XDC constraints or non-optimal design architecture
Related violations: <none>

TIMING-16#79 Warning
Large setup violation  
There is a large setup violation of -1.592 ns between design_1_i/aes_ddr_1/U0/aes_ddr_v1_0_S00_AXI_inst/i_aes/DU/col1/lin_1/addkey_in_2/D (clocked by clk_out_40_design_1_clk_wiz_1_0) and design_1_i/aes_ddr_1/U0/aes_ddr_v1_0_S00_AXI_inst/i_aes/DU/col1/ddr_layer_1/main_reg/low_data_2/D (clocked by clk_out_40_design_1_clk_wiz_1_0). Large setup violations at the end of those stages might be difficult to fix during the post-placement implementation flow and could be the result of non-optimal XDC constraints or non-optimal design architecture
Related violations: <none>

TIMING-16#80 Warning
Large setup violation  
There is a large setup violation of -1.595 ns between design_1_i/aes_ddr_1/U0/aes_ddr_v1_0_S00_AXI_inst/i_aes/DU/col1/lin_1/addkey_in_5/D (clocked by clk_out_40_design_1_clk_wiz_1_0) and design_1_i/aes_ddr_1/U0/aes_ddr_v1_0_S00_AXI_inst/i_aes/DU/col1/ddr_layer_1/main_reg/low_data_5/D (clocked by clk_out_40_design_1_clk_wiz_1_0). Large setup violations at the end of those stages might be difficult to fix during the post-placement implementation flow and could be the result of non-optimal XDC constraints or non-optimal design architecture
Related violations: <none>

TIMING-16#81 Warning
Large setup violation  
There is a large setup violation of -1.601 ns between design_1_i/aes_ddr_1/U0/aes_ddr_v1_0_S00_AXI_inst/i_aes/DU/col2/lin_1/addkey_in_5/D (clocked by clk_out_40_design_1_clk_wiz_1_0) and design_1_i/aes_ddr_1/U0/aes_ddr_v1_0_S00_AXI_inst/i_aes/DU/col2/ddr_layer_1/main_reg/low_data_5/D (clocked by clk_out_40_design_1_clk_wiz_1_0). Large setup violations at the end of those stages might be difficult to fix during the post-placement implementation flow and could be the result of non-optimal XDC constraints or non-optimal design architecture
Related violations: <none>

TIMING-16#82 Warning
Large setup violation  
There is a large setup violation of -1.613 ns between design_1_i/aes_ddr_1/U0/aes_ddr_v1_0_S00_AXI_inst/i_aes/DU/col0/lin_3/addkey_in_2/D (clocked by clk_out_40_design_1_clk_wiz_1_0) and design_1_i/aes_ddr_1/U0/aes_ddr_v1_0_S00_AXI_inst/i_aes/DU/col0/ddr_layer_2/dual_reg/low_data_2/D (clocked by clk_out_40_design_1_clk_wiz_1_0). Large setup violations at the end of those stages might be difficult to fix during the post-placement implementation flow and could be the result of non-optimal XDC constraints or non-optimal design architecture
Related violations: <none>

TIMING-16#83 Warning
Large setup violation  
There is a large setup violation of -1.614 ns between design_1_i/aes_ddr_1/U0/aes_ddr_v1_0_S00_AXI_inst/i_aes/DU/col2/lin_3/addkey_in_2/D (clocked by clk_out_40_design_1_clk_wiz_1_0) and design_1_i/aes_ddr_1/U0/aes_ddr_v1_0_S00_AXI_inst/i_aes/DU/col2/ddr_layer_2/main_reg/low_data_2/D (clocked by clk_out_40_design_1_clk_wiz_1_0). Large setup violations at the end of those stages might be difficult to fix during the post-placement implementation flow and could be the result of non-optimal XDC constraints or non-optimal design architecture
Related violations: <none>

TIMING-16#84 Warning
Large setup violation  
There is a large setup violation of -1.622 ns between design_1_i/aes_ddr_1/U0/aes_ddr_v1_0_S00_AXI_inst/i_aes/DU/col3/lin_1/addkey_in_3/D (clocked by clk_out_40_design_1_clk_wiz_1_0) and design_1_i/aes_ddr_1/U0/aes_ddr_v1_0_S00_AXI_inst/i_aes/DU/col3/ddr_layer_1/dual_reg/low_data_3/D (clocked by clk_out_40_design_1_clk_wiz_1_0). Large setup violations at the end of those stages might be difficult to fix during the post-placement implementation flow and could be the result of non-optimal XDC constraints or non-optimal design architecture
Related violations: <none>

TIMING-16#85 Warning
Large setup violation  
There is a large setup violation of -1.625 ns between design_1_i/aes_ddr_1/U0/aes_ddr_v1_0_S00_AXI_inst/i_aes/DU/col2/lin_1/addkey_in_2/D (clocked by clk_out_40_design_1_clk_wiz_1_0) and design_1_i/aes_ddr_1/U0/aes_ddr_v1_0_S00_AXI_inst/i_aes/DU/col2/ddr_layer_1/main_reg/low_data_2/D (clocked by clk_out_40_design_1_clk_wiz_1_0). Large setup violations at the end of those stages might be difficult to fix during the post-placement implementation flow and could be the result of non-optimal XDC constraints or non-optimal design architecture
Related violations: <none>

TIMING-16#86 Warning
Large setup violation  
There is a large setup violation of -1.631 ns between design_1_i/aes_ddr_1/U0/aes_ddr_v1_0_S00_AXI_inst/i_aes/DU/col0/lin_3/addkey_in_1/D (clocked by clk_out_40_design_1_clk_wiz_1_0) and design_1_i/aes_ddr_1/U0/aes_ddr_v1_0_S00_AXI_inst/i_aes/DU/col0/ddr_layer_2/main_reg/low_data_1/D (clocked by clk_out_40_design_1_clk_wiz_1_0). Large setup violations at the end of those stages might be difficult to fix during the post-placement implementation flow and could be the result of non-optimal XDC constraints or non-optimal design architecture
Related violations: <none>

TIMING-16#87 Warning
Large setup violation  
There is a large setup violation of -1.632 ns between design_1_i/aes_ddr_1/U0/aes_ddr_v1_0_S00_AXI_inst/i_aes/DU/col0/lin_1/addkey_in_3/D (clocked by clk_out_40_design_1_clk_wiz_1_0) and design_1_i/aes_ddr_1/U0/aes_ddr_v1_0_S00_AXI_inst/i_aes/DU/col0/ddr_layer_1/main_reg/low_data_3/D (clocked by clk_out_40_design_1_clk_wiz_1_0). Large setup violations at the end of those stages might be difficult to fix during the post-placement implementation flow and could be the result of non-optimal XDC constraints or non-optimal design architecture
Related violations: <none>

TIMING-16#88 Warning
Large setup violation  
There is a large setup violation of -1.635 ns between design_1_i/aes_ddr_1/U0/aes_ddr_v1_0_S00_AXI_inst/i_aes/DU/col1/lin_1/addkey_in_4/D (clocked by clk_out_40_design_1_clk_wiz_1_0) and design_1_i/aes_ddr_1/U0/aes_ddr_v1_0_S00_AXI_inst/i_aes/DU/col1/ddr_layer_1/main_reg/low_data_4/D (clocked by clk_out_40_design_1_clk_wiz_1_0). Large setup violations at the end of those stages might be difficult to fix during the post-placement implementation flow and could be the result of non-optimal XDC constraints or non-optimal design architecture
Related violations: <none>

TIMING-16#89 Warning
Large setup violation  
There is a large setup violation of -1.640 ns between design_1_i/aes_ddr_1/U0/aes_ddr_v1_0_S00_AXI_inst/i_aes/DU/col3/lin_3/addkey_in_1/D (clocked by clk_out_40_design_1_clk_wiz_1_0) and design_1_i/aes_ddr_1/U0/aes_ddr_v1_0_S00_AXI_inst/i_aes/DU/col3/ddr_layer_2/main_reg/low_data_1/D (clocked by clk_out_40_design_1_clk_wiz_1_0). Large setup violations at the end of those stages might be difficult to fix during the post-placement implementation flow and could be the result of non-optimal XDC constraints or non-optimal design architecture
Related violations: <none>

TIMING-16#90 Warning
Large setup violation  
There is a large setup violation of -1.641 ns between design_1_i/aes_ddr_1/U0/aes_ddr_v1_0_S00_AXI_inst/i_aes/DU/col0/lin_3/addkey_in_1/D (clocked by clk_out_40_design_1_clk_wiz_1_0) and design_1_i/aes_ddr_1/U0/aes_ddr_v1_0_S00_AXI_inst/i_aes/DU/col0/ddr_layer_2/dual_reg/low_data_1/D (clocked by clk_out_40_design_1_clk_wiz_1_0). Large setup violations at the end of those stages might be difficult to fix during the post-placement implementation flow and could be the result of non-optimal XDC constraints or non-optimal design architecture
Related violations: <none>

TIMING-16#91 Warning
Large setup violation  
There is a large setup violation of -1.648 ns between design_1_i/aes_ddr_1/U0/aes_ddr_v1_0_S00_AXI_inst/i_aes/DU/col3/lin_1/addkey_in_6/D (clocked by clk_out_40_design_1_clk_wiz_1_0) and design_1_i/aes_ddr_1/U0/aes_ddr_v1_0_S00_AXI_inst/i_aes/DU/col3/ddr_layer_1/main_reg/low_data_6/D (clocked by clk_out_40_design_1_clk_wiz_1_0). Large setup violations at the end of those stages might be difficult to fix during the post-placement implementation flow and could be the result of non-optimal XDC constraints or non-optimal design architecture
Related violations: <none>

TIMING-16#92 Warning
Large setup violation  
There is a large setup violation of -1.649 ns between design_1_i/aes_ddr_1/U0/aes_ddr_v1_0_S00_AXI_inst/i_aes/DU/col1/lin_1/addkey_in_6/D (clocked by clk_out_40_design_1_clk_wiz_1_0) and design_1_i/aes_ddr_1/U0/aes_ddr_v1_0_S00_AXI_inst/i_aes/DU/col1/ddr_layer_1/main_reg/low_data_6/D (clocked by clk_out_40_design_1_clk_wiz_1_0). Large setup violations at the end of those stages might be difficult to fix during the post-placement implementation flow and could be the result of non-optimal XDC constraints or non-optimal design architecture
Related violations: <none>

TIMING-16#93 Warning
Large setup violation  
There is a large setup violation of -1.651 ns between design_1_i/aes_ddr_1/U0/aes_ddr_v1_0_S00_AXI_inst/i_aes/DU/col0/lin_3/addkey_in_6/D (clocked by clk_out_40_design_1_clk_wiz_1_0) and design_1_i/aes_ddr_1/U0/aes_ddr_v1_0_S00_AXI_inst/i_aes/DU/col0/ddr_layer_2/dual_reg/low_data_6/D (clocked by clk_out_40_design_1_clk_wiz_1_0). Large setup violations at the end of those stages might be difficult to fix during the post-placement implementation flow and could be the result of non-optimal XDC constraints or non-optimal design architecture
Related violations: <none>

TIMING-16#94 Warning
Large setup violation  
There is a large setup violation of -1.663 ns between design_1_i/aes_ddr_1/U0/aes_ddr_v1_0_S00_AXI_inst/i_aes/DU/col2/lin_1/addkey_in_4/D (clocked by clk_out_40_design_1_clk_wiz_1_0) and design_1_i/aes_ddr_1/U0/aes_ddr_v1_0_S00_AXI_inst/i_aes/DU/col2/ddr_layer_1/dual_reg/low_data_4/D (clocked by clk_out_40_design_1_clk_wiz_1_0). Large setup violations at the end of those stages might be difficult to fix during the post-placement implementation flow and could be the result of non-optimal XDC constraints or non-optimal design architecture
Related violations: <none>

TIMING-16#95 Warning
Large setup violation  
There is a large setup violation of -1.666 ns between design_1_i/aes_ddr_1/U0/aes_ddr_v1_0_S00_AXI_inst/i_aes/DU/col0/lin_1/addkey_in_4/D (clocked by clk_out_40_design_1_clk_wiz_1_0) and design_1_i/aes_ddr_1/U0/aes_ddr_v1_0_S00_AXI_inst/i_aes/DU/col0/ddr_layer_1/main_reg/low_data_4/D (clocked by clk_out_40_design_1_clk_wiz_1_0). Large setup violations at the end of those stages might be difficult to fix during the post-placement implementation flow and could be the result of non-optimal XDC constraints or non-optimal design architecture
Related violations: <none>

TIMING-16#96 Warning
Large setup violation  
There is a large setup violation of -1.666 ns between design_1_i/aes_ddr_1/U0/aes_ddr_v1_0_S00_AXI_inst/i_aes/DU/col3/lin_1/addkey_in_7/D (clocked by clk_out_40_design_1_clk_wiz_1_0) and design_1_i/aes_ddr_1/U0/aes_ddr_v1_0_S00_AXI_inst/i_aes/DU/col3/ddr_layer_1/main_reg/low_data_7/D (clocked by clk_out_40_design_1_clk_wiz_1_0). Large setup violations at the end of those stages might be difficult to fix during the post-placement implementation flow and could be the result of non-optimal XDC constraints or non-optimal design architecture
Related violations: <none>

TIMING-16#97 Warning
Large setup violation  
There is a large setup violation of -1.676 ns between design_1_i/aes_ddr_1/U0/aes_ddr_v1_0_S00_AXI_inst/i_aes/DU/col3/lin_3/addkey_in_0/D (clocked by clk_out_40_design_1_clk_wiz_1_0) and design_1_i/aes_ddr_1/U0/aes_ddr_v1_0_S00_AXI_inst/i_aes/DU/col3/ddr_layer_2/main_reg/low_data_0/D (clocked by clk_out_40_design_1_clk_wiz_1_0). Large setup violations at the end of those stages might be difficult to fix during the post-placement implementation flow and could be the result of non-optimal XDC constraints or non-optimal design architecture
Related violations: <none>

TIMING-16#98 Warning
Large setup violation  
There is a large setup violation of -1.678 ns between design_1_i/aes_ddr_1/U0/aes_ddr_v1_0_S00_AXI_inst/i_aes/DU/col3/lin_1/addkey_in_3/D (clocked by clk_out_40_design_1_clk_wiz_1_0) and design_1_i/aes_ddr_1/U0/aes_ddr_v1_0_S00_AXI_inst/i_aes/DU/col3/ddr_layer_1/main_reg/low_data_3/D (clocked by clk_out_40_design_1_clk_wiz_1_0). Large setup violations at the end of those stages might be difficult to fix during the post-placement implementation flow and could be the result of non-optimal XDC constraints or non-optimal design architecture
Related violations: <none>

TIMING-16#99 Warning
Large setup violation  
There is a large setup violation of -1.680 ns between design_1_i/aes_ddr_1/U0/aes_ddr_v1_0_S00_AXI_inst/i_aes/DU/col3/lin_3/addkey_in_3/D (clocked by clk_out_40_design_1_clk_wiz_1_0) and design_1_i/aes_ddr_1/U0/aes_ddr_v1_0_S00_AXI_inst/i_aes/DU/col3/ddr_layer_2/dual_reg/low_data_3/D (clocked by clk_out_40_design_1_clk_wiz_1_0). Large setup violations at the end of those stages might be difficult to fix during the post-placement implementation flow and could be the result of non-optimal XDC constraints or non-optimal design architecture
Related violations: <none>

TIMING-16#100 Warning
Large setup violation  
There is a large setup violation of -1.688 ns between design_1_i/aes_ddr_1/U0/aes_ddr_v1_0_S00_AXI_inst/i_aes/DU/col0/lin_3/addkey_in_4/D (clocked by clk_out_40_design_1_clk_wiz_1_0) and design_1_i/aes_ddr_1/U0/aes_ddr_v1_0_S00_AXI_inst/i_aes/DU/col0/ddr_layer_2/main_reg/low_data_4/D (clocked by clk_out_40_design_1_clk_wiz_1_0). Large setup violations at the end of those stages might be difficult to fix during the post-placement implementation flow and could be the result of non-optimal XDC constraints or non-optimal design architecture
Related violations: <none>

TIMING-16#101 Warning
Large setup violation  
There is a large setup violation of -1.688 ns between design_1_i/aes_ddr_1/U0/aes_ddr_v1_0_S00_AXI_inst/i_aes/DU/col2/lin_1/addkey_in_2/D (clocked by clk_out_40_design_1_clk_wiz_1_0) and design_1_i/aes_ddr_1/U0/aes_ddr_v1_0_S00_AXI_inst/i_aes/DU/col2/ddr_layer_1/dual_reg/low_data_2/D (clocked by clk_out_40_design_1_clk_wiz_1_0). Large setup violations at the end of those stages might be difficult to fix during the post-placement implementation flow and could be the result of non-optimal XDC constraints or non-optimal design architecture
Related violations: <none>

TIMING-16#102 Warning
Large setup violation  
There is a large setup violation of -1.695 ns between design_1_i/aes_ddr_1/U0/aes_ddr_v1_0_S00_AXI_inst/i_aes/DU/col2/lin_3/addkey_in_4/D (clocked by clk_out_40_design_1_clk_wiz_1_0) and design_1_i/aes_ddr_1/U0/aes_ddr_v1_0_S00_AXI_inst/i_aes/DU/col2/ddr_layer_2/dual_reg/low_data_4/D (clocked by clk_out_40_design_1_clk_wiz_1_0). Large setup violations at the end of those stages might be difficult to fix during the post-placement implementation flow and could be the result of non-optimal XDC constraints or non-optimal design architecture
Related violations: <none>

TIMING-16#103 Warning
Large setup violation  
There is a large setup violation of -1.698 ns between design_1_i/aes_ddr_1/U0/aes_ddr_v1_0_S00_AXI_inst/i_aes/DU/col1/lin_3/addkey_in_5/D (clocked by clk_out_40_design_1_clk_wiz_1_0) and design_1_i/aes_ddr_1/U0/aes_ddr_v1_0_S00_AXI_inst/i_aes/DU/col1/ddr_layer_2/main_reg/low_data_5/D (clocked by clk_out_40_design_1_clk_wiz_1_0). Large setup violations at the end of those stages might be difficult to fix during the post-placement implementation flow and could be the result of non-optimal XDC constraints or non-optimal design architecture
Related violations: <none>

TIMING-16#104 Warning
Large setup violation  
There is a large setup violation of -1.701 ns between design_1_i/aes_ddr_1/U0/aes_ddr_v1_0_S00_AXI_inst/i_aes/DU/col0/lin_3/addkey_in_0/D (clocked by clk_out_40_design_1_clk_wiz_1_0) and design_1_i/aes_ddr_1/U0/aes_ddr_v1_0_S00_AXI_inst/i_aes/DU/col0/ddr_layer_2/main_reg/low_data_0/D (clocked by clk_out_40_design_1_clk_wiz_1_0). Large setup violations at the end of those stages might be difficult to fix during the post-placement implementation flow and could be the result of non-optimal XDC constraints or non-optimal design architecture
Related violations: <none>

TIMING-16#105 Warning
Large setup violation  
There is a large setup violation of -1.717 ns between design_1_i/aes_ddr_1/U0/aes_ddr_v1_0_S00_AXI_inst/i_aes/DU/col3/lin_3/addkey_in_7/D (clocked by clk_out_40_design_1_clk_wiz_1_0) and design_1_i/aes_ddr_1/U0/aes_ddr_v1_0_S00_AXI_inst/i_aes/DU/col3/ddr_layer_2/main_reg/low_data_7/D (clocked by clk_out_40_design_1_clk_wiz_1_0). Large setup violations at the end of those stages might be difficult to fix during the post-placement implementation flow and could be the result of non-optimal XDC constraints or non-optimal design architecture
Related violations: <none>

TIMING-16#106 Warning
Large setup violation  
There is a large setup violation of -1.722 ns between design_1_i/aes_ddr_1/U0/aes_ddr_v1_0_S00_AXI_inst/i_aes/DU/col2/lin_3/addkey_in_1/D (clocked by clk_out_40_design_1_clk_wiz_1_0) and design_1_i/aes_ddr_1/U0/aes_ddr_v1_0_S00_AXI_inst/i_aes/DU/col2/ddr_layer_2/dual_reg/low_data_1/D (clocked by clk_out_40_design_1_clk_wiz_1_0). Large setup violations at the end of those stages might be difficult to fix during the post-placement implementation flow and could be the result of non-optimal XDC constraints or non-optimal design architecture
Related violations: <none>

TIMING-16#107 Warning
Large setup violation  
There is a large setup violation of -1.737 ns between design_1_i/aes_ddr_1/U0/aes_ddr_v1_0_S00_AXI_inst/i_aes/DU/col3/lin_3/addkey_in_2/D (clocked by clk_out_40_design_1_clk_wiz_1_0) and design_1_i/aes_ddr_1/U0/aes_ddr_v1_0_S00_AXI_inst/i_aes/DU/col3/ddr_layer_2/main_reg/low_data_2/D (clocked by clk_out_40_design_1_clk_wiz_1_0). Large setup violations at the end of those stages might be difficult to fix during the post-placement implementation flow and could be the result of non-optimal XDC constraints or non-optimal design architecture
Related violations: <none>

TIMING-16#108 Warning
Large setup violation  
There is a large setup violation of -1.739 ns between design_1_i/aes_ddr_1/U0/aes_ddr_v1_0_S00_AXI_inst/i_aes/DU/col1/lin_3/addkey_in_5/D (clocked by clk_out_40_design_1_clk_wiz_1_0) and design_1_i/aes_ddr_1/U0/aes_ddr_v1_0_S00_AXI_inst/i_aes/DU/col1/ddr_layer_2/dual_reg/low_data_5/D (clocked by clk_out_40_design_1_clk_wiz_1_0). Large setup violations at the end of those stages might be difficult to fix during the post-placement implementation flow and could be the result of non-optimal XDC constraints or non-optimal design architecture
Related violations: <none>

TIMING-16#109 Warning
Large setup violation  
There is a large setup violation of -1.741 ns between design_1_i/aes_ddr_1/U0/aes_ddr_v1_0_S00_AXI_inst/i_aes/DU/col3/lin_3/addkey_in_7/D (clocked by clk_out_40_design_1_clk_wiz_1_0) and design_1_i/aes_ddr_1/U0/aes_ddr_v1_0_S00_AXI_inst/i_aes/DU/col3/ddr_layer_2/dual_reg/low_data_7/D (clocked by clk_out_40_design_1_clk_wiz_1_0). Large setup violations at the end of those stages might be difficult to fix during the post-placement implementation flow and could be the result of non-optimal XDC constraints or non-optimal design architecture
Related violations: <none>

TIMING-16#110 Warning
Large setup violation  
There is a large setup violation of -1.742 ns between design_1_i/aes_ddr_1/U0/aes_ddr_v1_0_S00_AXI_inst/i_aes/DU/col0/lin_1/addkey_in_3/D (clocked by clk_out_40_design_1_clk_wiz_1_0) and design_1_i/aes_ddr_1/U0/aes_ddr_v1_0_S00_AXI_inst/i_aes/DU/col0/ddr_layer_1/dual_reg/low_data_3/D (clocked by clk_out_40_design_1_clk_wiz_1_0). Large setup violations at the end of those stages might be difficult to fix during the post-placement implementation flow and could be the result of non-optimal XDC constraints or non-optimal design architecture
Related violations: <none>

TIMING-16#111 Warning
Large setup violation  
There is a large setup violation of -1.742 ns between design_1_i/aes_ddr_1/U0/aes_ddr_v1_0_S00_AXI_inst/i_aes/DU/col2/lin_1/addkey_in_6/D (clocked by clk_out_40_design_1_clk_wiz_1_0) and design_1_i/aes_ddr_1/U0/aes_ddr_v1_0_S00_AXI_inst/i_aes/DU/col2/ddr_layer_1/dual_reg/low_data_6/D (clocked by clk_out_40_design_1_clk_wiz_1_0). Large setup violations at the end of those stages might be difficult to fix during the post-placement implementation flow and could be the result of non-optimal XDC constraints or non-optimal design architecture
Related violations: <none>

TIMING-16#112 Warning
Large setup violation  
There is a large setup violation of -1.768 ns between design_1_i/aes_ddr_1/U0/aes_ddr_v1_0_S00_AXI_inst/i_aes/DU/col2/lin_3/addkey_in_7/D (clocked by clk_out_40_design_1_clk_wiz_1_0) and design_1_i/aes_ddr_1/U0/aes_ddr_v1_0_S00_AXI_inst/i_aes/DU/col2/ddr_layer_2/dual_reg/low_data_7/D (clocked by clk_out_40_design_1_clk_wiz_1_0). Large setup violations at the end of those stages might be difficult to fix during the post-placement implementation flow and could be the result of non-optimal XDC constraints or non-optimal design architecture
Related violations: <none>

TIMING-16#113 Warning
Large setup violation  
There is a large setup violation of -1.780 ns between design_1_i/aes_ddr_1/U0/aes_ddr_v1_0_S00_AXI_inst/i_aes/DU/col3/lin_1/addkey_in_0/D (clocked by clk_out_40_design_1_clk_wiz_1_0) and design_1_i/aes_ddr_1/U0/aes_ddr_v1_0_S00_AXI_inst/i_aes/DU/col3/ddr_layer_1/main_reg/low_data_0/D (clocked by clk_out_40_design_1_clk_wiz_1_0). Large setup violations at the end of those stages might be difficult to fix during the post-placement implementation flow and could be the result of non-optimal XDC constraints or non-optimal design architecture
Related violations: <none>

TIMING-16#114 Warning
Large setup violation  
There is a large setup violation of -1.801 ns between design_1_i/aes_ddr_1/U0/aes_ddr_v1_0_S00_AXI_inst/i_aes/DU/col3/lin_3/addkey_in_2/D (clocked by clk_out_40_design_1_clk_wiz_1_0) and design_1_i/aes_ddr_1/U0/aes_ddr_v1_0_S00_AXI_inst/i_aes/DU/col3/ddr_layer_2/dual_reg/low_data_2/D (clocked by clk_out_40_design_1_clk_wiz_1_0). Large setup violations at the end of those stages might be difficult to fix during the post-placement implementation flow and could be the result of non-optimal XDC constraints or non-optimal design architecture
Related violations: <none>

TIMING-16#115 Warning
Large setup violation  
There is a large setup violation of -1.804 ns between design_1_i/aes_ddr_1/U0/aes_ddr_v1_0_S00_AXI_inst/i_aes/DU/col0/lin_3/addkey_in_4/D (clocked by clk_out_40_design_1_clk_wiz_1_0) and design_1_i/aes_ddr_1/U0/aes_ddr_v1_0_S00_AXI_inst/i_aes/DU/col0/ddr_layer_2/dual_reg/low_data_4/D (clocked by clk_out_40_design_1_clk_wiz_1_0). Large setup violations at the end of those stages might be difficult to fix during the post-placement implementation flow and could be the result of non-optimal XDC constraints or non-optimal design architecture
Related violations: <none>

TIMING-16#116 Warning
Large setup violation  
There is a large setup violation of -1.804 ns between design_1_i/aes_ddr_1/U0/aes_ddr_v1_0_S00_AXI_inst/i_aes/DU/col2/lin_1/addkey_in_6/D (clocked by clk_out_40_design_1_clk_wiz_1_0) and design_1_i/aes_ddr_1/U0/aes_ddr_v1_0_S00_AXI_inst/i_aes/DU/col2/ddr_layer_1/main_reg/low_data_6/D (clocked by clk_out_40_design_1_clk_wiz_1_0). Large setup violations at the end of those stages might be difficult to fix during the post-placement implementation flow and could be the result of non-optimal XDC constraints or non-optimal design architecture
Related violations: <none>

TIMING-16#117 Warning
Large setup violation  
There is a large setup violation of -1.835 ns between design_1_i/aes_ddr_1/U0/aes_ddr_v1_0_S00_AXI_inst/i_aes/DU/col0/lin_1/addkey_in_4/D (clocked by clk_out_40_design_1_clk_wiz_1_0) and design_1_i/aes_ddr_1/U0/aes_ddr_v1_0_S00_AXI_inst/i_aes/DU/col0/ddr_layer_1/dual_reg/low_data_4/D (clocked by clk_out_40_design_1_clk_wiz_1_0). Large setup violations at the end of those stages might be difficult to fix during the post-placement implementation flow and could be the result of non-optimal XDC constraints or non-optimal design architecture
Related violations: <none>

TIMING-16#118 Warning
Large setup violation  
There is a large setup violation of -1.835 ns between design_1_i/aes_ddr_1/U0/aes_ddr_v1_0_S00_AXI_inst/i_aes/DU/col2/lin_1/addkey_in_0/D (clocked by clk_out_40_design_1_clk_wiz_1_0) and design_1_i/aes_ddr_1/U0/aes_ddr_v1_0_S00_AXI_inst/i_aes/DU/col2/ddr_layer_1/main_reg/low_data_0/D (clocked by clk_out_40_design_1_clk_wiz_1_0). Large setup violations at the end of those stages might be difficult to fix during the post-placement implementation flow and could be the result of non-optimal XDC constraints or non-optimal design architecture
Related violations: <none>

TIMING-18#1 Warning
Missing input or output delay  
An input delay is missing on btns_4bits_tri_i[0] relative to clock(s) VIRTUAL_clk_out1_design_1_clk_wiz_1_0 
Related violations: <none>

TIMING-18#2 Warning
Missing input or output delay  
An input delay is missing on btns_4bits_tri_i[1] relative to clock(s) VIRTUAL_clk_out1_design_1_clk_wiz_1_0 
Related violations: <none>

TIMING-18#3 Warning
Missing input or output delay  
An input delay is missing on btns_4bits_tri_i[2] relative to clock(s) VIRTUAL_clk_out1_design_1_clk_wiz_1_0 
Related violations: <none>

TIMING-18#4 Warning
Missing input or output delay  
An input delay is missing on btns_4bits_tri_i[3] relative to clock(s) VIRTUAL_clk_out1_design_1_clk_wiz_1_0 
Related violations: <none>

TIMING-18#5 Warning
Missing input or output delay  
An output delay is missing on leds_4bits_tri_o[0] relative to clock(s) VIRTUAL_clk_out1_design_1_clk_wiz_1_0 
Related violations: <none>

TIMING-18#6 Warning
Missing input or output delay  
An output delay is missing on leds_4bits_tri_o[1] relative to clock(s) VIRTUAL_clk_out1_design_1_clk_wiz_1_0 
Related violations: <none>

TIMING-18#7 Warning
Missing input or output delay  
An output delay is missing on leds_4bits_tri_o[2] relative to clock(s) VIRTUAL_clk_out1_design_1_clk_wiz_1_0 
Related violations: <none>

TIMING-18#8 Warning
Missing input or output delay  
An output delay is missing on leds_4bits_tri_o[3] relative to clock(s) VIRTUAL_clk_out1_design_1_clk_wiz_1_0 
Related violations: <none>


